// Jest Snapshot v1, https://goo.gl/fbAQLP

exports[`Component renders correctly 1`] = `
<div
  id="edit-employee"
  style="background-color: white; padding: 10px 50px 10px 50px; margin-top: 10px;"
>
  <h3>
    Edit User
  </h3>
   
  <div
    class="row"
  >
    <form
      class="col s12"
    >
      <div
        class="row"
      >
        <div
          class="input-field col s12"
        >
          <span>
            Email:
          </span>
           
          <input
            disabled="disabled"
            required="required"
            type="text"
          />
        </div>
      </div>
       
      <div
        class="row"
      >
        <div
          class="input-field col s12"
        >
          <span>
            Name:
          </span>
           
          <input
            required="required"
            type="text"
          />
        </div>
      </div>
       
      <div
        class="row"
      >
        <div
          class="input-field col s12"
        >
          <span>
            Department:
          </span>
           
          <input
            required="required"
            type="text"
          />
        </div>
      </div>
       
      <div
        class="row"
      >
        <div
          class="input-field col s12"
        >
          <span>
            Role:
          </span>
           
          <input
            disabled="disabled"
            required="required"
            type="text"
          />
        </div>
      </div>
       
      <button
        class="btn"
        id="submit"
        type="submit"
      >
        Submit
      </button>
       
      <a
        class="btn grey"
      >
        Cancel
      </a>
    </form>
  </div>
</div>
`;
