// Jest Snapshot v1, https://goo.gl/fbAQLP

exports[`Component renders correctly 1`] = `
<div
  id="resetPassword"
>
  <div
    class="container"
    style="padding-top: 10em;"
  >
    <div
      class="row"
    >
      <div
        class="col s12 m8 offset-m2"
      >
        <div
          class="login card-panel white blue-text center"
        >
          <h3>
            Reset Password
          </h3>
           
          <div
            class="input-field"
          >
            <i
              class="material-icons prefix"
            >
              email
            </i>
             
            <input
              id="email"
              name="email"
              type="text"
            />
             
            <label
              class="blue-text"
              for="email"
            >
              Email
            </label>
          </div>
           
          <router-link-stub
            event="click"
            id="backToLoginBtn"
            style="margin-right: 50px;"
            tag="a"
            to="/login"
          >
            Back to Login
          </router-link-stub>
           
          <button
            class="btn btn-large blue lighten-2 black-text"
            id="resetPassBtn"
          >
            Reset Password
          </button>
        </div>
      </div>
    </div>
  </div>
</div>
`;
